


ARM Macro Assembler    Page 1 


    1 00000000                 AREA             RESET,DATA ,READONLY
    2 00000000                 EXPORT           __Vectors
    3 00000000         __Vectors
    4 00000000 10001000        DCD              0X10001000  ;stack pointer 
    5 00000004 00000000        DCD              Reset_Handler ;
    6 00000008                 ALIGN
    7 00000008                 AREA             mycode,CODE,READONLY
    8 00000000                 ENTRY
    9 00000000                 EXPORT           Reset_Handler
   10 00000000         Reset_Handler
   11 00000000 4807            LDR              R0,=N
   12 00000002 4908            LDR              R1,=DST
   13 00000004 6802            LDR              R2,[R0]     ;
   14 00000006 600A            STR              R2,[R1]     ;
   15 00000008 F100 0004       ADD              R0,#4
   16 0000000C F101 0104       ADD              R1,#4
   17 00000010 6802            LDR              R2,[R0]
   18 00000012 600A            STR              R2,[R1]
   19 00000014         STOP
   20 00000014 E7FE            B                STOP
   21 00000016 00 00 12345678 
              0000006A N       DCD              0X12345678,0X6A
   22 00000020 00000000 
              00000000         AREA             mydata,DATA,READWRITE
   23 00000000 00000000 
              00000000 DST     DCD              0,0
   24 00000008         
   25 00000008                 END
Command Line: --debug --xref --cpu=Cortex-M3 --apcs=interwork --depend=prog3.d 
-oprog3.o -IC:\Keil\ARM\RV31\INC -IC:\Keil\ARM\CMSIS\Include -IC:\Keil\ARM\Inc\
NXP\LPC17xx --predefine="__EVAL SETA 1" --list=prog3.lst prog3.asm



ARM Macro Assembler    Page 1 Alphabetic symbol ordering
Relocatable symbols

RESET 00000000

Symbol: RESET
   Definitions
      At line 1 in file prog3.asm
   Uses
      None
Comment: RESET unused
__Vectors 00000000

Symbol: __Vectors
   Definitions
      At line 3 in file prog3.asm
   Uses
      At line 2 in file prog3.asm
Comment: __Vectors used once
2 symbols



ARM Macro Assembler    Page 1 Alphabetic symbol ordering
Relocatable symbols

N 00000018

Symbol: N
   Definitions
      At line 21 in file prog3.asm
   Uses
      At line 11 in file prog3.asm
Comment: N used once
Reset_Handler 00000000

Symbol: Reset_Handler
   Definitions
      At line 10 in file prog3.asm
   Uses
      At line 5 in file prog3.asm
      At line 9 in file prog3.asm

STOP 00000014

Symbol: STOP
   Definitions
      At line 19 in file prog3.asm
   Uses
      At line 20 in file prog3.asm
Comment: STOP used once
mycode 00000000

Symbol: mycode
   Definitions
      At line 7 in file prog3.asm
   Uses
      None
Comment: mycode unused
4 symbols



ARM Macro Assembler    Page 1 Alphabetic symbol ordering
Relocatable symbols

DST 00000000

Symbol: DST
   Definitions
      At line 23 in file prog3.asm
   Uses
      At line 12 in file prog3.asm
Comment: DST used once
mydata 00000000

Symbol: mydata
   Definitions
      At line 22 in file prog3.asm
   Uses
      None
Comment: mydata unused
2 symbols
341 symbols in table
